2026-05-14T00:52:30.7601848+03:00 restarting bridge_launcher
2026-05-14T00:55:04.6402387+03:00 restarting bridge_launcher
2026-05-14T04:13:36.2722004+03:00 restarting bridge_launcher
2026-05-14T04:13:53.7933052+03:00 restarting bridge_launcher
2026-05-14T13:44:41.2625222+03:00 restarting bridge_launcher
2026-05-14T17:41:48.6703904+03:00 bridge_launcher process missing; starting
2026-05-14T18:01:01.5734055+03:00 bridge_launcher process exists but VPS has no active launcher; restarting
2026-05-14T18:01:01.6450668+03:00 stopped stale bridge_launcher pid=7872
2026-05-14T18:01:38.5933547+03:00 bridge_launcher process exists but VPS has no active launcher; restarting
2026-05-14T18:01:38.6420271+03:00 stopped stale bridge_launcher pid=4860
2026-05-14T22:14:09.9165453+03:00 bridge_launcher process exists but VPS has no active launcher; restarting
2026-05-14T22:14:09.9976775+03:00 stopped stale bridge_launcher pid=8608
2026-05-14T22:52:47.0700012+03:00 launcher probe failed: Исключение при вызове "ReadLine" с "0" аргументами: "Не удается прочитать данные из транспортного соединения: Попытка установить соединение была безуспешной, т.к. от другого компьютера за требуемое время не получен нужный отклик, или было разорвано уже установленное соединение из-за неверного отклика уже подключенного компьютера."
2026-05-14T22:52:47.0710482+03:00 bridge_launcher process exists but VPS has no active launcher; restarting
2026-05-14T22:52:47.1282013+03:00 stopped stale bridge_launcher pid=18240
2026-05-14T22:56:45.3057824+03:00 bridge_launcher process exists but VPS has no active launcher; restarting
2026-05-14T22:56:45.3666387+03:00 stopped stale bridge_launcher pid=15028
2026-05-14T23:04:03.9815395+03:00 bridge_launcher process exists but VPS has no active launcher; restarting
2026-05-14T23:04:04.0501337+03:00 stopped stale bridge_launcher pid=16312
2026-05-14T23:09:37.0429823+03:00 bridge_launcher process exists but VPS has no active launcher; restarting
2026-05-14T23:09:37.1038169+03:00 stopped stale bridge_launcher pid=17740
2026-05-15T09:10:52.1053254+03:00 bridge_launcher process missing; starting
2026-05-15T12:19:32.3825937+03:00 bridge_launcher process missing; starting
2026-05-15T16:58:30.4972172+03:00 launcher probe failed: Исключение при вызове "ReadLine" с "0" аргументами: "Не удается прочитать данные из транспортного соединения: Попытка установить соединение была безуспешной, т.к. от другого компьютера за требуемое время не получен нужный отклик, или было разорвано уже установленное соединение из-за неверного отклика уже подключенного компьютера."
2026-05-15T16:58:30.5050299+03:00 bridge_launcher process exists but VPS has no active launcher; restarting
2026-05-15T16:58:30.5863446+03:00 stopped stale bridge_launcher pid=8884
2026-05-15T17:04:21.2088260+03:00 launcher probe failed: Исключение при вызове "ReadLine" с "0" аргументами: "Не удается прочитать данные из транспортного соединения: Попытка установить соединение была безуспешной, т.к. от другого компьютера за требуемое время не получен нужный отклик, или было разорвано уже установленное соединение из-за неверного отклика уже подключенного компьютера."
2026-05-15T17:04:21.2102890+03:00 bridge_launcher process exists but VPS has no active launcher; restarting
2026-05-15T17:04:21.2761138+03:00 stopped stale bridge_launcher pid=13944
2026-05-15T18:59:04.5738781+03:00 bridge_launcher process exists but VPS has no active launcher; restarting
2026-05-15T18:59:04.6588785+03:00 stopped stale bridge_launcher pid=15712
2026-05-15T18:59:04.6633284+03:00 stopped stale bridge_launcher pid=14488
2026-05-15T18:59:41.5593382+03:00 bridge_launcher process exists but VPS has no active launcher; restarting
2026-05-15T18:59:41.6084390+03:00 stopped stale bridge_launcher pid=9064
2026-05-15T19:00:18.2253282+03:00 bridge_launcher process exists but VPS has no active launcher; restarting
2026-05-15T19:00:18.2967354+03:00 stopped stale bridge_launcher pid=16784
2026-05-15T19:00:39.8516965+03:00 bridge_launcher process exists but VPS has no active launcher; restarting
2026-05-15T19:00:39.9256952+03:00 stopped stale bridge_launcher pid=6684
2026-05-15T19:01:16.9238054+03:00 bridge_launcher process exists but VPS has no active launcher; restarting
2026-05-15T19:01:16.9879017+03:00 stopped stale bridge_launcher pid=5992
2026-05-15T19:01:38.4901872+03:00 bridge_launcher process exists but VPS has no active launcher; restarting
2026-05-15T19:01:38.5546936+03:00 stopped stale bridge_launcher pid=2196
2026-05-15T19:02:33.6175614+03:00 bridge_launcher process exists but VPS has no active launcher; restarting
2026-05-15T19:02:33.6913867+03:00 stopped stale bridge_launcher pid=18324
2026-05-15T19:03:10.6351497+03:00 bridge_launcher process exists but VPS has no active launcher; restarting
2026-05-15T19:03:10.6931495+03:00 stopped stale bridge_launcher pid=2572
2026-05-15T19:03:47.7454090+03:00 bridge_launcher process exists but VPS has no active launcher; restarting
2026-05-15T19:03:47.8125164+03:00 stopped stale bridge_launcher pid=14256
2026-05-15T19:04:09.3250255+03:00 bridge_launcher process exists but VPS has no active launcher; restarting
2026-05-15T19:04:09.3948813+03:00 stopped stale bridge_launcher pid=17268
2026-05-15T19:04:47.5860633+03:00 bridge_launcher process exists but VPS has no active launcher; restarting
2026-05-15T19:04:47.6560378+03:00 stopped stale bridge_launcher pid=17880
2026-05-15T19:05:09.1796075+03:00 bridge_launcher process exists but VPS has no active launcher; restarting
2026-05-15T19:05:09.2506067+03:00 stopped stale bridge_launcher pid=17140
2026-05-15T19:05:46.7554504+03:00 bridge_launcher process exists but VPS has no active launcher; restarting
2026-05-15T19:05:46.8229600+03:00 stopped stale bridge_launcher pid=17152
2026-05-15T19:06:41.9798441+03:00 bridge_launcher process exists but VPS has no active launcher; restarting
2026-05-15T19:06:42.0525596+03:00 stopped stale bridge_launcher pid=16124
2026-05-15T19:06:58.7487834+03:00 bridge_launcher process missing; starting
2026-05-15T19:07:20.2226811+03:00 bridge_launcher process exists but VPS has no active launcher; restarting
2026-05-15T19:07:20.2790128+03:00 stopped stale bridge_launcher pid=17348
2026-05-15T19:08:46.1042020+03:00 bridge_launcher process exists but VPS has no active launcher; restarting
2026-05-15T19:08:46.1682005+03:00 stopped stale bridge_launcher pid=17084
2026-05-15T19:09:40.2829513+03:00 bridge_launcher process exists but VPS has no active launcher; restarting
2026-05-15T19:09:40.3569992+03:00 stopped stale bridge_launcher pid=14976
2026-05-15T19:10:17.0930156+03:00 bridge_launcher process exists but VPS has no active launcher; restarting
2026-05-15T19:10:17.1640157+03:00 stopped stale bridge_launcher pid=11408
2026-05-15T19:11:47.6668730+03:00 bridge_launcher process exists but VPS has no active launcher; restarting
2026-05-15T19:11:47.7338732+03:00 stopped stale bridge_launcher pid=5440
2026-05-15T19:12:09.3705830+03:00 launcher probe failed: Исключение при вызове "ReadLine" с "0" аргументами: "Не удается прочитать данные из транспортного соединения: Попытка установить соединение была безуспешной, т.к. от другого компьютера за требуемое время не получен нужный отклик, или было разорвано уже установленное соединение из-за неверного отклика уже подключенного компьютера."
2026-05-15T19:12:09.3722819+03:00 bridge_launcher process exists but VPS has no active launcher; restarting
2026-05-15T19:12:09.4373050+03:00 stopped stale bridge_launcher pid=9984
2026-05-15T19:12:47.2377431+03:00 bridge_launcher process exists but VPS has no active launcher; restarting
2026-05-15T19:12:47.3077386+03:00 stopped stale bridge_launcher pid=16956
2026-05-15T19:13:24.0995090+03:00 bridge_launcher process exists but VPS has no active launcher; restarting
2026-05-15T19:13:24.1735089+03:00 stopped stale bridge_launcher pid=2572
2026-05-16T11:29:39.0988173+03:00 bridge_launcher process missing; starting
2026-05-16T11:57:24.5080189+03:00 launcher probe failed: Исключение при вызове "EndConnect" с "1" аргументами: "Сделана попытка выполнить операцию на сокете для недоступного хоста 31.129.97.211:9877"
2026-05-16T11:57:24.5090196+03:00 bridge_launcher process exists but VPS has no active launcher; restarting
2026-05-16T11:57:24.5912121+03:00 stopped stale bridge_launcher pid=1508
2026-05-16T14:44:36.9146642+03:00 launcher probe failed: Исключение при вызове "EndConnect" с "1" аргументами: "Сделана попытка выполнить операцию на сокете для недоступного хоста 31.129.97.211:9877"
2026-05-16T14:44:36.9146642+03:00 bridge_launcher process exists but VPS has no active launcher; restarting
2026-05-16T14:44:36.9626830+03:00 stopped stale bridge_launcher pid=14720
2026-05-16T19:20:04.2085803+03:00 bridge_launcher process exists but VPS has no active launcher; restarting
2026-05-16T19:20:04.2560655+03:00 stopped stale bridge_launcher pid=16836
2026-05-16T19:20:25.3965711+03:00 bridge_launcher process exists but VPS has no active launcher; restarting
2026-05-16T19:20:25.4420859+03:00 stopped stale bridge_launcher pid=10380
2026-05-16T19:21:01.8341422+03:00 bridge_launcher process exists but VPS has no active launcher; restarting
2026-05-16T19:21:01.8786114+03:00 stopped stale bridge_launcher pid=200
2026-05-16T19:21:22.9969267+03:00 bridge_launcher process exists but VPS has no active launcher; restarting
2026-05-16T19:21:23.0387357+03:00 stopped stale bridge_launcher pid=4156
2026-05-16T19:21:39.8155272+03:00 bridge_launcher process exists but VPS has no active launcher; restarting
2026-05-16T19:21:39.8580277+03:00 stopped stale bridge_launcher pid=15648
2026-05-16T19:22:01.0370676+03:00 bridge_launcher process exists but VPS has no active launcher; restarting
2026-05-16T19:22:01.0774085+03:00 stopped stale bridge_launcher pid=7896
2026-05-16T19:24:39.3691682+03:00 bridge_launcher process exists but VPS has no active launcher; restarting
2026-05-16T19:24:39.4130298+03:00 stopped stale bridge_launcher pid=18068
2026-05-16T19:25:15.8050139+03:00 bridge_launcher process exists but VPS has no active launcher; restarting
2026-05-16T19:25:15.8485333+03:00 stopped stale bridge_launcher pid=2352
2026-05-16T19:27:08.5260635+03:00 bridge_launcher process exists but VPS has no active launcher; restarting
2026-05-16T19:27:08.5722355+03:00 stopped stale bridge_launcher pid=12360
2026-05-16T19:27:45.1928313+03:00 bridge_launcher process exists but VPS has no active launcher; restarting
2026-05-16T19:27:45.2415798+03:00 stopped stale bridge_launcher pid=2012
2026-05-16T19:28:06.4043986+03:00 bridge_launcher process exists but VPS has no active launcher; restarting
2026-05-16T19:28:06.4504034+03:00 stopped stale bridge_launcher pid=14512
2026-05-16T19:28:23.5282703+03:00 bridge_launcher process exists but VPS has no active launcher; restarting
2026-05-16T19:28:23.5828554+03:00 stopped stale bridge_launcher pid=17096
2026-05-16T19:28:44.7570705+03:00 bridge_launcher process exists but VPS has no active launcher; restarting
2026-05-16T19:28:44.8078160+03:00 stopped stale bridge_launcher pid=13416
2026-05-16T19:29:38.6117588+03:00 launcher probe failed: Исключение при вызове "ReadLine" с "0" аргументами: "Не удается прочитать данные из транспортного соединения: Попытка установить соединение была безуспешной, т.к. от другого компьютера за требуемое время не получен нужный отклик, или было разорвано уже установленное соединение из-за неверного отклика уже подключенного компьютера."
2026-05-16T19:29:38.6127598+03:00 bridge_launcher process exists but VPS has no active launcher; restarting
2026-05-16T19:29:38.6571546+03:00 stopped stale bridge_launcher pid=15516
2026-05-16T19:30:15.0282119+03:00 bridge_launcher process exists but VPS has no active launcher; restarting
2026-05-16T19:30:15.0768979+03:00 stopped stale bridge_launcher pid=13260
2026-05-16T19:30:51.4099570+03:00 bridge_launcher process exists but VPS has no active launcher; restarting
2026-05-16T19:30:51.4810834+03:00 stopped stale bridge_launcher pid=17436
2026-05-16T19:31:12.6968062+03:00 bridge_launcher process exists but VPS has no active launcher; restarting
2026-05-16T19:31:12.7430298+03:00 stopped stale bridge_launcher pid=3588
2026-05-16T19:31:49.3443865+03:00 bridge_launcher process exists but VPS has no active launcher; restarting
2026-05-16T19:31:49.3919101+03:00 stopped stale bridge_launcher pid=4604
2026-05-16T19:32:44.1478716+03:00 bridge_launcher process exists but VPS has no active launcher; restarting
2026-05-16T19:32:44.1909569+03:00 stopped stale bridge_launcher pid=18340
2026-05-16T19:33:00.5964356+03:00 bridge_launcher process exists but VPS has no active launcher; restarting
2026-05-16T19:33:00.6394070+03:00 stopped stale bridge_launcher pid=11032
2026-05-16T19:33:21.8751547+03:00 bridge_launcher process exists but VPS has no active launcher; restarting
2026-05-16T19:33:21.9296903+03:00 stopped stale bridge_launcher pid=12520
2026-05-16T19:34:15.0482003+03:00 bridge_launcher process exists but VPS has no active launcher; restarting
2026-05-16T19:34:15.0911532+03:00 stopped stale bridge_launcher pid=2776
2026-05-16T19:34:51.5240340+03:00 bridge_launcher process exists but VPS has no active launcher; restarting
2026-05-16T19:34:51.5701748+03:00 stopped stale bridge_launcher pid=15376
2026-05-16T19:35:28.0204313+03:00 bridge_launcher process exists but VPS has no active launcher; restarting
2026-05-16T19:35:28.0804063+03:00 stopped stale bridge_launcher pid=15512
2026-05-16T19:35:49.3113099+03:00 bridge_launcher process exists but VPS has no active launcher; restarting
2026-05-16T19:35:49.3732673+03:00 stopped stale bridge_launcher pid=15672
2026-05-16T19:36:26.0794718+03:00 bridge_launcher process exists but VPS has no active launcher; restarting
2026-05-16T19:36:26.1335693+03:00 stopped stale bridge_launcher pid=3200
2026-05-16T19:39:38.5814441+03:00 bridge_launcher process exists but VPS has no active launcher; restarting
2026-05-16T19:39:38.6270884+03:00 stopped stale bridge_launcher pid=13740
2026-05-16T19:39:54.9329378+03:00 bridge_launcher process exists but VPS has no active launcher; restarting
2026-05-16T19:39:54.9738395+03:00 stopped stale bridge_launcher pid=4372
2026-05-16T19:40:16.0988779+03:00 bridge_launcher process exists but VPS has no active launcher; restarting
2026-05-16T19:40:16.1485744+03:00 stopped stale bridge_launcher pid=14740
2026-05-16T19:41:09.8609485+03:00 bridge_launcher process exists but VPS has no active launcher; restarting
2026-05-16T19:41:09.9151494+03:00 stopped stale bridge_launcher pid=17592
2026-05-16T19:41:46.4052648+03:00 bridge_launcher process exists but VPS has no active launcher; restarting
2026-05-16T19:41:46.4534981+03:00 stopped stale bridge_launcher pid=13664
2026-05-16T19:43:09.8729991+03:00 bridge_launcher process exists but VPS has no active launcher; restarting
2026-05-16T19:43:09.9214106+03:00 stopped stale bridge_launcher pid=16580
2026-05-16T19:43:31.4140841+03:00 launcher probe failed: Исключение при вызове "ReadLine" с "0" аргументами: "Не удается прочитать данные из транспортного соединения: Попытка установить соединение была безуспешной, т.к. от другого компьютера за требуемое время не получен нужный отклик, или было разорвано уже установленное соединение из-за неверного отклика уже подключенного компьютера."
2026-05-16T19:43:31.4150824+03:00 bridge_launcher process exists but VPS has no active launcher; restarting
2026-05-16T19:43:31.4670702+03:00 stopped stale bridge_launcher pid=18352
2026-05-16T19:44:08.4644339+03:00 bridge_launcher process exists but VPS has no active launcher; restarting
2026-05-16T19:44:08.5225642+03:00 stopped stale bridge_launcher pid=17588
2026-05-16T19:44:45.0463884+03:00 bridge_launcher process exists but VPS has no active launcher; restarting
2026-05-16T19:44:45.1036063+03:00 stopped stale bridge_launcher pid=3672
2026-05-16T19:45:06.3857216+03:00 bridge_launcher process exists but VPS has no active launcher; restarting
2026-05-16T19:45:06.4336798+03:00 stopped stale bridge_launcher pid=18104
2026-05-16T19:45:42.9174702+03:00 bridge_launcher process exists but VPS has no active launcher; restarting
2026-05-16T19:45:42.9687497+03:00 stopped stale bridge_launcher pid=14784
2026-05-16T19:47:11.7033388+03:00 bridge_launcher process exists but VPS has no active launcher; restarting
2026-05-16T19:47:11.7478171+03:00 stopped stale bridge_launcher pid=7468
2026-05-16T19:47:48.2833849+03:00 bridge_launcher process exists but VPS has no active launcher; restarting
2026-05-16T19:47:48.3388207+03:00 stopped stale bridge_launcher pid=6116
2026-05-16T19:48:25.1121610+03:00 bridge_launcher process exists but VPS has no active launcher; restarting
2026-05-16T19:48:25.1734266+03:00 stopped stale bridge_launcher pid=16296
2026-05-16T19:48:46.3295902+03:00 bridge_launcher process exists but VPS has no active launcher; restarting
2026-05-16T19:48:46.4050286+03:00 stopped stale bridge_launcher pid=14688
2026-05-16T21:43:14.1804512+03:00 bridge_launcher process missing; starting
2026-05-16T22:57:54.4949115+03:00 bridge_launcher process exists but VPS has no active launcher; restarting
2026-05-16T22:57:54.5661750+03:00 stopped stale bridge_launcher pid=15308
2026-05-17T02:59:00.3574259+03:00 launcher probe failed: Исключение при вызове "ReadLine" с "0" аргументами: "Не удается прочитать данные из транспортного соединения: Попытка установить соединение была безуспешной, т.к. от другого компьютера за требуемое время не получен нужный отклик, или было разорвано уже установленное соединение из-за неверного отклика уже подключенного компьютера."
2026-05-17T02:59:00.3597733+03:00 bridge_launcher process exists but VPS has no active launcher; restarting
2026-05-17T02:59:00.4196105+03:00 stopped stale bridge_launcher pid=14404
2026-05-17T08:20:09.5893834+03:00 bridge_launcher process exists but VPS has no active launcher; restarting
2026-05-17T08:20:09.6530744+03:00 stopped stale bridge_launcher pid=12520
2026-05-17T09:27:18.8288704+03:00 bridge_launcher process exists but VPS has no active launcher; restarting
2026-05-17T09:27:18.8842098+03:00 stopped stale bridge_launcher pid=15304
2026-05-17T09:54:32.9182994+03:00 bridge_launcher process exists but VPS has no active launcher; restarting
2026-05-17T09:54:32.9756465+03:00 stopped stale bridge_launcher pid=15872
2026-05-17T10:22:30.3981227+03:00 bridge_launcher process exists but VPS has no active launcher; restarting
2026-05-17T10:22:30.4606451+03:00 stopped stale bridge_launcher pid=15420
2026-05-17T10:26:08.3081690+03:00 bridge_launcher process exists but VPS has no active launcher; restarting
2026-05-17T10:26:08.3654914+03:00 stopped stale bridge_launcher pid=1924
2026-05-17T10:27:15.1803957+03:00 bridge_launcher process exists but VPS has no active launcher; restarting
2026-05-17T10:27:15.2358059+03:00 stopped stale bridge_launcher pid=15688
2026-05-17T10:35:32.7108318+03:00 bridge_launcher process exists but VPS has no active launcher; restarting
2026-05-17T10:35:32.7681756+03:00 stopped stale bridge_launcher pid=2600
2026-05-17T10:35:54.1413730+03:00 bridge_launcher process exists but VPS has no active launcher; restarting
2026-05-17T10:35:54.1987092+03:00 stopped stale bridge_launcher pid=13680
2026-05-17T10:39:21.8269276+03:00 bridge_launcher process exists but VPS has no active launcher; restarting
2026-05-17T10:39:21.8845458+03:00 stopped stale bridge_launcher pid=16392
2026-05-17T10:40:29.7568018+03:00 bridge_launcher process exists but VPS has no active launcher; restarting
2026-05-17T10:40:29.8141326+03:00 stopped stale bridge_launcher pid=4064
2026-05-17T10:42:08.6845977+03:00 bridge_launcher process exists but VPS has no active launcher; restarting
2026-05-17T10:42:08.7439607+03:00 stopped stale bridge_launcher pid=8308
2026-05-17T10:42:30.0747279+03:00 bridge_launcher process exists but VPS has no active launcher; restarting
2026-05-17T10:42:30.1320518+03:00 stopped stale bridge_launcher pid=17000
2026-05-17T10:42:51.4807067+03:00 bridge_launcher process exists but VPS has no active launcher; restarting
2026-05-17T10:42:51.5400680+03:00 stopped stale bridge_launcher pid=7780
2026-05-17T10:45:32.1534211+03:00 bridge_launcher process exists but VPS has no active launcher; restarting
2026-05-17T10:45:32.2047612+03:00 stopped stale bridge_launcher pid=5716
2026-05-17T11:27:51.8978982+03:00 bridge_launcher process exists but VPS has no active launcher; restarting
2026-05-17T11:27:51.9552351+03:00 stopped stale bridge_launcher pid=8432
2026-05-17T11:28:29.6101595+03:00 bridge_launcher process exists but VPS has no active launcher; restarting
2026-05-17T11:28:29.6695023+03:00 stopped stale bridge_launcher pid=192
2026-05-17T11:34:39.6679137+03:00 bridge_launcher process exists but VPS has no active launcher; restarting
2026-05-17T11:34:39.7232434+03:00 stopped stale bridge_launcher pid=2120
2026-05-17T11:39:35.0299584+03:00 bridge_launcher process exists but VPS has no active launcher; restarting
2026-05-17T11:39:35.0872932+03:00 stopped stale bridge_launcher pid=14548
2026-05-17T11:40:12.7561946+03:00 bridge_launcher process exists but VPS has no active launcher; restarting
2026-05-17T11:40:12.8165386+03:00 stopped stale bridge_launcher pid=14976
2026-05-17T11:40:29.2558617+03:00 bridge_launcher process exists but VPS has no active launcher; restarting
2026-05-17T11:40:29.3152108+03:00 stopped stale bridge_launcher pid=15592
2026-05-17T11:45:20.6350641+03:00 bridge_launcher process missing; starting
2026-05-17T21:20:16.1921363+03:00 bridge_launcher process missing; starting
2026-05-17T21:34:49.0040935+03:00 bridge_launcher process missing; starting
2026-05-17T21:41:57.5338664+03:00 launcher probe failed: Исключение при вызове "EndConnect" с "1" аргументами: "Сделана попытка выполнить операцию на сокете для недоступного хоста 31.129.97.211:9877"
2026-05-17T21:41:57.5348660+03:00 bridge_launcher process exists but VPS has no active launcher; restarting
2026-05-17T21:41:57.6099724+03:00 stopped stale bridge_launcher pid=4192
2026-05-17T22:39:05.7213583+03:00 launcher probe failed: Исключение при вызове "EndConnect" с "1" аргументами: "Сделана попытка выполнить операцию на сокете для недоступного хоста 31.129.97.211:9877"
2026-05-17T22:39:05.7219197+03:00 bridge_launcher process exists but VPS has no active launcher; restarting
2026-05-17T22:39:05.7704889+03:00 stopped stale bridge_launcher pid=12528
2026-05-17T23:02:16.0145292+03:00 bridge_launcher process exists but VPS has no active launcher; restarting
2026-05-17T23:02:16.0642174+03:00 stopped stale bridge_launcher pid=4336
2026-05-17T23:02:37.6084096+03:00 bridge_launcher process exists but VPS has no active launcher; restarting
2026-05-17T23:02:37.6633341+03:00 stopped stale bridge_launcher pid=14248
2026-05-17T23:03:14.8944135+03:00 bridge_launcher process exists but VPS has no active launcher; restarting
2026-05-17T23:03:14.9486592+03:00 stopped stale bridge_launcher pid=15244
2026-05-17T23:04:55.6326417+03:00 launcher probe failed: Исключение при вызове "ReadLine" с "0" аргументами: "Не удается прочитать данные из транспортного соединения: Попытка установить соединение была безуспешной, т.к. от другого компьютера за требуемое время не получен нужный отклик, или было разорвано уже установленное соединение из-за неверного отклика уже подключенного компьютера."
2026-05-17T23:04:55.6339128+03:00 bridge_launcher process exists but VPS has no active launcher; restarting
2026-05-17T23:04:55.6838812+03:00 stopped stale bridge_launcher pid=2940
2026-05-17T23:05:32.7088281+03:00 bridge_launcher process exists but VPS has no active launcher; restarting
2026-05-17T23:05:32.7577701+03:00 stopped stale bridge_launcher pid=8844
2026-05-17T23:06:28.1805552+03:00 bridge_launcher process exists but VPS has no active launcher; restarting
2026-05-17T23:06:28.2323017+03:00 stopped stale bridge_launcher pid=8492
2026-05-17T23:06:45.2808062+03:00 bridge_launcher process exists but VPS has no active launcher; restarting
2026-05-17T23:06:45.3267324+03:00 stopped stale bridge_launcher pid=2208
2026-05-17T23:07:06.7985914+03:00 bridge_launcher process exists but VPS has no active launcher; restarting
2026-05-17T23:07:06.8494462+03:00 stopped stale bridge_launcher pid=8956
2026-05-17T23:07:44.3204027+03:00 bridge_launcher process exists but VPS has no active launcher; restarting
2026-05-17T23:07:44.3756662+03:00 stopped stale bridge_launcher pid=2244
2026-05-17T23:08:38.0356318+03:00 bridge_launcher process exists but VPS has no active launcher; restarting
2026-05-17T23:08:38.0845423+03:00 stopped stale bridge_launcher pid=2924
2026-05-17T23:09:15.7919989+03:00 bridge_launcher process exists but VPS has no active launcher; restarting
2026-05-17T23:09:15.8400561+03:00 stopped stale bridge_launcher pid=11524
2026-05-17T23:09:37.3153369+03:00 bridge_launcher process exists but VPS has no active launcher; restarting
2026-05-17T23:09:37.3650128+03:00 stopped stale bridge_launcher pid=10008
2026-05-17T23:10:14.5670020+03:00 bridge_launcher process exists but VPS has no active launcher; restarting
2026-05-17T23:10:14.6188413+03:00 stopped stale bridge_launcher pid=4892
2026-05-17T23:10:51.8834977+03:00 bridge_launcher process exists but VPS has no active launcher; restarting
2026-05-17T23:10:51.9345942+03:00 stopped stale bridge_launcher pid=8668
2026-05-17T23:11:13.5058101+03:00 bridge_launcher process exists but VPS has no active launcher; restarting
2026-05-17T23:11:13.5515766+03:00 stopped stale bridge_launcher pid=7712
2026-05-17T23:11:50.9904474+03:00 bridge_launcher process exists but VPS has no active launcher; restarting
2026-05-17T23:11:51.0440517+03:00 stopped stale bridge_launcher pid=13552
2026-05-17T23:13:18.7067609+03:00 bridge_launcher process exists but VPS has no active launcher; restarting
2026-05-17T23:13:18.7558572+03:00 stopped stale bridge_launcher pid=7936
2026-05-17T23:13:35.1742931+03:00 bridge_launcher process missing; starting
2026-05-17T23:13:56.5291607+03:00 bridge_launcher process exists but VPS has no active launcher; restarting
2026-05-17T23:13:56.5809916+03:00 stopped stale bridge_launcher pid=13704
2026-05-17T23:14:34.4410393+03:00 bridge_launcher process exists but VPS has no active launcher; restarting
2026-05-17T23:14:34.4752656+03:00 stopped stale bridge_launcher pid=1108
2026-05-17T23:14:55.5764879+03:00 bridge_launcher process exists but VPS has no active launcher; restarting
2026-05-17T23:14:55.6272494+03:00 stopped stale bridge_launcher pid=13928
2026-05-17T23:15:32.5826007+03:00 bridge_launcher process exists but VPS has no active launcher; restarting
2026-05-17T23:15:32.6300374+03:00 stopped stale bridge_launcher pid=11424
2026-05-18T00:59:15.3581782+03:00 launcher probe failed: Исключение при вызове "ReadLine" с "0" аргументами: "Не удается прочитать данные из транспортного соединения: Попытка установить соединение была безуспешной, т.к. от другого компьютера за требуемое время не получен нужный отклик, или было разорвано уже установленное соединение из-за неверного отклика уже подключенного компьютера."
2026-05-18T00:59:15.3609495+03:00 bridge_launcher process exists but VPS has no active launcher; restarting
2026-05-18T00:59:15.4056457+03:00 stopped stale bridge_launcher pid=13880
2026-05-18T10:02:48.2790739+03:00 bridge_launcher process missing; starting
2026-05-18T14:26:22.5424442+03:00 launcher probe failed: Исключение при вызове "EndConnect" с "1" аргументами: "Сделана попытка выполнить операцию на сокете для недоступного хоста 31.129.97.211:9877"
2026-05-18T14:26:22.5434416+03:00 bridge_launcher process exists but VPS has no active launcher; restarting
2026-05-18T14:26:22.6127977+03:00 stopped stale bridge_launcher pid=4144
2026-05-18T14:28:56.9340980+03:00 launcher probe failed: Исключение при вызове "EndConnect" с "1" аргументами: "Сделана попытка выполнить операцию на сокете для недоступного хоста 31.129.97.211:9877"
2026-05-18T14:28:56.9340980+03:00 bridge_launcher process exists but VPS has no active launcher; restarting
2026-05-18T14:28:56.9645363+03:00 stopped stale bridge_launcher pid=15824
2026-05-18T14:29:13.0551179+03:00 launcher probe failed: Исключение при вызове "EndConnect" с "1" аргументами: "Сделана попытка выполнить операцию на сокете для недоступного хоста 31.129.97.211:9877"
2026-05-18T14:29:13.0559221+03:00 bridge_launcher process exists but VPS has no active launcher; restarting
2026-05-18T14:29:13.0890205+03:00 stopped stale bridge_launcher pid=10948
2026-05-18T14:29:29.1850368+03:00 launcher probe failed: Исключение при вызове "EndConnect" с "1" аргументами: "Сделана попытка выполнить операцию на сокете для недоступного хоста 31.129.97.211:9877"
2026-05-18T14:29:29.1860371+03:00 bridge_launcher process exists but VPS has no active launcher; restarting
2026-05-18T14:29:29.2171421+03:00 stopped stale bridge_launcher pid=9588
2026-05-18T14:29:50.2651365+03:00 bridge_launcher process exists but VPS has no active launcher; restarting
2026-05-18T14:29:50.3039896+03:00 stopped stale bridge_launcher pid=9000
2026-05-18T14:30:06.3455940+03:00 launcher probe failed: Исключение при вызове "EndConnect" с "1" аргументами: "Сделана попытка выполнить операцию на сокете при отключенной сети 31.129.97.211:9877"
2026-05-18T14:30:06.3466038+03:00 bridge_launcher process exists but VPS has no active launcher; restarting
2026-05-18T14:30:06.3772470+03:00 stopped stale bridge_launcher pid=1860
2026-05-18T14:30:22.4215399+03:00 launcher probe failed: Исключение при вызове "EndConnect" с "1" аргументами: "Сделана попытка выполнить операцию на сокете при отключенной сети 31.129.97.211:9877"
2026-05-18T14:30:22.4225419+03:00 bridge_launcher process exists but VPS has no active launcher; restarting
2026-05-18T14:30:22.4561766+03:00 stopped stale bridge_launcher pid=15920
2026-05-18T14:30:38.4985321+03:00 launcher probe failed: Исключение при вызове "EndConnect" с "1" аргументами: "Сделана попытка выполнить операцию на сокете при отключенной сети 31.129.97.211:9877"
2026-05-18T14:30:38.4996213+03:00 bridge_launcher process exists but VPS has no active launcher; restarting
2026-05-18T14:30:38.5302898+03:00 stopped stale bridge_launcher pid=11848
2026-05-18T14:30:54.5467943+03:00 launcher probe failed: Исключение при вызове "EndConnect" с "1" аргументами: "Сделана попытка выполнить операцию на сокете при отключенной сети 31.129.97.211:9877"
2026-05-18T14:30:54.5473963+03:00 bridge_launcher process exists but VPS has no active launcher; restarting
2026-05-18T14:30:54.5804244+03:00 stopped stale bridge_launcher pid=15436
2026-05-18T14:31:10.6168177+03:00 launcher probe failed: Исключение при вызове "EndConnect" с "1" аргументами: "Сделана попытка выполнить операцию на сокете при отключенной сети 31.129.97.211:9877"
2026-05-18T14:31:10.6168177+03:00 bridge_launcher process exists but VPS has no active launcher; restarting
2026-05-18T14:31:10.6504034+03:00 stopped stale bridge_launcher pid=8792
2026-05-18T14:31:26.6994430+03:00 launcher probe failed: Исключение при вызове "EndConnect" с "1" аргументами: "Сделана попытка выполнить операцию на сокете при отключенной сети 31.129.97.211:9877"
2026-05-18T14:31:26.7005020+03:00 bridge_launcher process exists but VPS has no active launcher; restarting
2026-05-18T14:31:26.7326027+03:00 stopped stale bridge_launcher pid=8008
2026-05-18T14:31:42.7689121+03:00 launcher probe failed: Исключение при вызове "EndConnect" с "1" аргументами: "Сделана попытка выполнить операцию на сокете при отключенной сети 31.129.97.211:9877"
2026-05-18T14:31:42.7699133+03:00 bridge_launcher process exists but VPS has no active launcher; restarting
2026-05-18T14:31:42.8017930+03:00 stopped stale bridge_launcher pid=14404
2026-05-18T14:31:58.8539605+03:00 launcher probe failed: Исключение при вызове "EndConnect" с "1" аргументами: "Сделана попытка выполнить операцию на сокете при отключенной сети 31.129.97.211:9877"
2026-05-18T14:31:58.8545078+03:00 bridge_launcher process exists but VPS has no active launcher; restarting
2026-05-18T14:31:58.8857408+03:00 stopped stale bridge_launcher pid=4052
2026-05-18T14:32:14.9091079+03:00 launcher probe failed: Исключение при вызове "EndConnect" с "1" аргументами: "Сделана попытка выполнить операцию на сокете при отключенной сети 31.129.97.211:9877"
2026-05-18T14:32:14.9101101+03:00 bridge_launcher process exists but VPS has no active launcher; restarting
2026-05-18T14:32:14.9428542+03:00 stopped stale bridge_launcher pid=15768
2026-05-18T14:32:30.9844780+03:00 launcher probe failed: Исключение при вызове "EndConnect" с "1" аргументами: "Сделана попытка выполнить операцию на сокете при отключенной сети 31.129.97.211:9877"
2026-05-18T14:32:30.9844780+03:00 bridge_launcher process exists but VPS has no active launcher; restarting
2026-05-18T14:32:31.0161962+03:00 stopped stale bridge_launcher pid=12300
2026-05-18T14:39:09.7452116+03:00 bridge_launcher process missing; starting
2026-05-18T15:05:16.3311198+03:00 launcher probe failed: Исключение при вызове "ReadLine" с "0" аргументами: "Не удается прочитать данные из транспортного соединения: Попытка установить соединение была безуспешной, т.к. от другого компьютера за требуемое время не получен нужный отклик, или было разорвано уже установленное соединение из-за неверного отклика уже подключенного компьютера."
2026-05-18T15:05:16.3340332+03:00 bridge_launcher process exists but VPS has no active launcher; restarting
2026-05-18T15:05:16.4147256+03:00 stopped stale bridge_launcher pid=7148
